<?xml version="1.0" encoding="utf-8"?><testsuites><testsuite name="pytest" errors="0" failures="0" skipped="0" tests="7" time="6.341" timestamp="2024-06-13T21:10:06.955760" hostname="ad12a3ca-02.cloud.together.ai"><testcase classname="tests.test_data" name="test_packed_sft_dataset" time="0.305" /><testcase classname="tests.test_data" name="test_iterate_batches" time="0.303" /><testcase classname="tests.test_dpo" name="test_per_instance_dpo_loss" time="1.701" /><testcase classname="tests.test_metrics" name="test_parse_mmlu_response" time="0.000" /><testcase classname="tests.test_metrics" name="test_parse_mmlu_response_unknown" time="0.000" /><testcase classname="tests.test_metrics" name="test_parse_gsm8k_response" time="0.000" /><testcase classname="tests.test_metrics" name="test_parse_gsm8k_response_unknown" time="0.000" /></testsuite></testsuites>